Olu┼şturma ba┼şlat─▒ld─▒: 19.12.2025 20:29:05.
     1>1 d├╝─ş├╝m├╝nde "C:\Users\m.vezir\.gemini\antigravity\scratch\FactoryMrpPlanner\tests\Mrp.Tests\Mrp.Tests.csproj" projesi (Restore hedef).
     1>_GetAllRestoreProjectPathItems:
         Geri y├╝klenecek projeler belirleniyor...
       Restore:
         X.509 sertifika zinciri do─şrulamas─▒, kod imzalama i├ğin .NET taraf─▒ndan se├ğilen varsay─▒lan g├╝ven deposunu kullan─▒r.
         X.509 sertifika zinciri do─şrulamas─▒, zaman damgalama i├ğin .NET taraf─▒ndan se├ğilen varsay─▒lan g├╝ven deposunu kullan─▒r.
         Varl─▒klar dosyas─▒ de─şi┼ştirilmedi. Varl─▒klar dosyas─▒na yazma i┼şlemi atlan─▒yor. Yol: C:\Users\m.vezir\.gemini\antigravity\scratch\FactoryMrpPlanner\src\Mrp.Engine\obj\project.assets.json
         Varl─▒klar dosyas─▒ de─şi┼ştirilmedi. Varl─▒klar dosyas─▒na yazma i┼şlemi atlan─▒yor. Yol: C:\Users\m.vezir\.gemini\antigravity\scratch\FactoryMrpPlanner\tests\Mrp.Tests\obj\project.assets.json
         Varl─▒klar dosyas─▒ de─şi┼ştirilmedi. Varl─▒klar dosyas─▒na yazma i┼şlemi atlan─▒yor. Yol: C:\Users\m.vezir\.gemini\antigravity\scratch\FactoryMrpPlanner\src\Mrp.Core\obj\project.assets.json
         C:\Users\m.vezir\.gemini\antigravity\scratch\FactoryMrpPlanner\src\Mrp.Core\Mrp.Core.csproj geri y├╝klendi (81 ms i├ğinde).
         C:\Users\m.vezir\.gemini\antigravity\scratch\FactoryMrpPlanner\tests\Mrp.Tests\Mrp.Tests.csproj geri y├╝klendi (81 ms i├ğinde).
         C:\Users\m.vezir\.gemini\antigravity\scratch\FactoryMrpPlanner\src\Mrp.Engine\Mrp.Engine.csproj geri y├╝klendi (81 ms i├ğinde).
         
         Kullan─▒lan NuGet yap─▒land─▒rma dosyalar─▒:
             C:\Users\m.vezir\AppData\Roaming\NuGet\NuGet.Config
             C:\Program Files (x86)\NuGet\Config\DevExpress 19.1.config
             C:\Program Files (x86)\NuGet\Config\DevExpress 24.2.config
             C:\Program Files (x86)\NuGet\Config\Microsoft.VisualStudio.FallbackLocation.config
             C:\Program Files (x86)\NuGet\Config\Microsoft.VisualStudio.Offline.config
         
         Kullan─▒lan ak─▒┼şlar:
             https://api.nuget.org/v3/index.json
             C:\Program Files (x86)\DevExpress 19.1\Components\System\Components\Packages
             C:\Program Files\DevExpress 24.2\Components\System\Components\Packages
             C:\Program Files (x86)\Microsoft SDKs\NuGetPackages\
         Geri y├╝kleme i├ğin t├╝m projeler g├╝ncel.
     1>"C:\Users\m.vezir\.gemini\antigravity\scratch\FactoryMrpPlanner\tests\Mrp.Tests\Mrp.Tests.csproj" Projesini Olu┼şturma ─░┼şlemi Tamamland─▒ (Restore hedef).
   1:7>2 d├╝─ş├╝m├╝nde "C:\Users\m.vezir\.gemini\antigravity\scratch\FactoryMrpPlanner\tests\Mrp.Tests\Mrp.Tests.csproj" projesi (VSTest hedef).
     1>BuildProject:
         Derleme ba┼şlat─▒ld─▒. L├╝tfen bekleyin...
   1:7>"C:\Users\m.vezir\.gemini\antigravity\scratch\FactoryMrpPlanner\tests\Mrp.Tests\Mrp.Tests.csproj" projesi (1:7) 2 d├╝─ş├╝m├╝nde "C:\Users\m.vezir\.gemini\antigravity\scratch\FactoryMrpPlanner\tests\Mrp.Tests\Mrp.Tests.csproj" (1:8) olu┼şturuyor (varsay─▒lan hedefler).
   1:8>"C:\Users\m.vezir\.gemini\antigravity\scratch\FactoryMrpPlanner\tests\Mrp.Tests\Mrp.Tests.csproj" projesi (1:8) 2 d├╝─ş├╝m├╝nde "C:\Users\m.vezir\.gemini\antigravity\scratch\FactoryMrpPlanner\src\Mrp.Core\Mrp.Core.csproj" (2:7) olu┼şturuyor (varsay─▒lan hedefler).
     2>GenerateTargetFrameworkMonikerAttribute:
       T├╝m ├ğ─▒k─▒┼ş dosyalar─▒, giri┼ş dosyalar─▒na g├Âre g├╝ncel durumda oldu─şundan "GenerateTargetFrameworkMonikerAttribute" hedefi atlan─▒yor.
       CoreGenerateAssemblyInfo:
       T├╝m ├ğ─▒k─▒┼ş dosyalar─▒, giri┼ş dosyalar─▒na g├Âre g├╝ncel durumda oldu─şundan "CoreGenerateAssemblyInfo" hedefi atlan─▒yor.
       _GenerateSourceLinkFile:
         'obj\Debug\net9.0\Mrp.Core.sourcelink.json' Source Link dosyas─▒ g├╝ncel.
       CoreCompile:
       T├╝m ├ğ─▒k─▒┼ş dosyalar─▒, giri┼ş dosyalar─▒na g├Âre g├╝ncel durumda oldu─şundan "CoreCompile" hedefi atlan─▒yor.
       GenerateBuildDependencyFile:
       T├╝m ├ğ─▒k─▒┼ş dosyalar─▒, giri┼ş dosyalar─▒na g├Âre g├╝ncel durumda oldu─şundan "GenerateBuildDependencyFile" hedefi atlan─▒yor.
       CopyFilesToOutputDirectory:
         Mrp.Core -> C:\Users\m.vezir\.gemini\antigravity\scratch\FactoryMrpPlanner\src\Mrp.Core\bin\Debug\net9.0\Mrp.Core.dll
     2>"C:\Users\m.vezir\.gemini\antigravity\scratch\FactoryMrpPlanner\src\Mrp.Core\Mrp.Core.csproj" Projesini Olu┼şturma ─░┼şlemi Tamamland─▒ (varsay─▒lan hedefler).
   1:8>"C:\Users\m.vezir\.gemini\antigravity\scratch\FactoryMrpPlanner\tests\Mrp.Tests\Mrp.Tests.csproj" projesi (1:8) 1 d├╝─ş├╝m├╝nde "C:\Users\m.vezir\.gemini\antigravity\scratch\FactoryMrpPlanner\src\Mrp.Engine\Mrp.Engine.csproj" (3:6) olu┼şturuyor (varsay─▒lan hedefler).
     3>GenerateTargetFrameworkMonikerAttribute:
       T├╝m ├ğ─▒k─▒┼ş dosyalar─▒, giri┼ş dosyalar─▒na g├Âre g├╝ncel durumda oldu─şundan "GenerateTargetFrameworkMonikerAttribute" hedefi atlan─▒yor.
       CoreGenerateAssemblyInfo:
       T├╝m ├ğ─▒k─▒┼ş dosyalar─▒, giri┼ş dosyalar─▒na g├Âre g├╝ncel durumda oldu─şundan "CoreGenerateAssemblyInfo" hedefi atlan─▒yor.
       _GenerateSourceLinkFile:
         'obj\Debug\net9.0\Mrp.Engine.sourcelink.json' Source Link dosyas─▒ g├╝ncel.
       CoreCompile:
       T├╝m ├ğ─▒k─▒┼ş dosyalar─▒, giri┼ş dosyalar─▒na g├Âre g├╝ncel durumda oldu─şundan "CoreCompile" hedefi atlan─▒yor.
       GenerateBuildDependencyFile:
       T├╝m ├ğ─▒k─▒┼ş dosyalar─▒, giri┼ş dosyalar─▒na g├Âre g├╝ncel durumda oldu─şundan "GenerateBuildDependencyFile" hedefi atlan─▒yor.
       CopyFilesToOutputDirectory:
         Mrp.Engine -> C:\Users\m.vezir\.gemini\antigravity\scratch\FactoryMrpPlanner\src\Mrp.Engine\bin\Debug\net9.0\Mrp.Engine.dll
     3>"C:\Users\m.vezir\.gemini\antigravity\scratch\FactoryMrpPlanner\src\Mrp.Engine\Mrp.Engine.csproj" Projesini Olu┼şturma ─░┼şlemi Tamamland─▒ (varsay─▒lan hedefler).
     1>GenerateTargetFrameworkMonikerAttribute:
       T├╝m ├ğ─▒k─▒┼ş dosyalar─▒, giri┼ş dosyalar─▒na g├Âre g├╝ncel durumda oldu─şundan "GenerateTargetFrameworkMonikerAttribute" hedefi atlan─▒yor.
       CoreGenerateAssemblyInfo:
       T├╝m ├ğ─▒k─▒┼ş dosyalar─▒, giri┼ş dosyalar─▒na g├Âre g├╝ncel durumda oldu─şundan "CoreGenerateAssemblyInfo" hedefi atlan─▒yor.
       _GenerateSourceLinkFile:
         'obj\Debug\net9.0\Mrp.Tests.sourcelink.json' Source Link dosyas─▒ g├╝ncel.
       CoreCompile:
       T├╝m ├ğ─▒k─▒┼ş dosyalar─▒, giri┼ş dosyalar─▒na g├Âre g├╝ncel durumda oldu─şundan "CoreCompile" hedefi atlan─▒yor.
       _CopyOutOfDateSourceItemsToOutputDirectory:
       T├╝m ├ğ─▒k─▒┼ş dosyalar─▒, giri┼ş dosyalar─▒na g├Âre g├╝ncel durumda oldu─şundan "_CopyOutOfDateSourceItemsToOutputDirectory" hedefi atlan─▒yor.
       GenerateBuildDependencyFile:
       T├╝m ├ğ─▒k─▒┼ş dosyalar─▒, giri┼ş dosyalar─▒na g├Âre g├╝ncel durumda oldu─şundan "GenerateBuildDependencyFile" hedefi atlan─▒yor.
       GenerateBuildRuntimeConfigurationFiles:
       T├╝m ├ğ─▒k─▒┼ş dosyalar─▒, giri┼ş dosyalar─▒na g├Âre g├╝ncel durumda oldu─şundan "GenerateBuildRuntimeConfigurationFiles" hedefi atlan─▒yor.
       CopyFilesToOutputDirectory:
         Mrp.Tests -> C:\Users\m.vezir\.gemini\antigravity\scratch\FactoryMrpPlanner\tests\Mrp.Tests\bin\Debug\net9.0\Mrp.Tests.dll
     1>"C:\Users\m.vezir\.gemini\antigravity\scratch\FactoryMrpPlanner\tests\Mrp.Tests\Mrp.Tests.csproj" Projesini Olu┼şturma ─░┼şlemi Tamamland─▒ (varsay─▒lan hedefler).
     1>BuildProject:
         Derleme tamamland─▒.
         
C:\Users\m.vezir\.gemini\antigravity\scratch\FactoryMrpPlanner\tests\Mrp.Tests\bin\Debug\net9.0\Mrp.Tests.dll (.NETCoreApp,Version=v9.0) i├ğin test ├ğal─▒┼şt─▒rmas─▒
VSTest s├╝r├╝m├╝ 17.14.1 (x64)

Test y├╝r├╝tmesi ba┼şlat─▒l─▒yor, l├╝tfen bekleyin...
Toplam 1 test dosyas─▒ belirtilen desenle e┼şle┼şti.
[xUnit.net 00:00:00.00] xUnit.net VSTest Adapter v2.8.2+699d445a1a (64-bit .NET 9.0.8)
[xUnit.net 00:00:00.09]   Discovering: Mrp.Tests
[xUnit.net 00:00:00.14]   Discovered:  Mrp.Tests
[xUnit.net 00:00:00.14]   Starting:    Mrp.Tests
     Warning:
     The component "Fluent Assertions" is governed by the rules defined in the Xceed License Agreement and
     the Xceed Fluent Assertions Community License. You may use Fluent Assertions free of charge for
     non-commercial use only. An active subscription is required to use Fluent Assertions for commercial use.
     Please contact Xceed Sales mailto:sales@xceed.com to acquire a subscription at a very low cost.
     A paid commercial license supports the development and continued increasing support of
     Fluent Assertions users under both commercial and community licenses. Help us
     keep Fluent Assertions at the forefront of unit testing.
     For more information, visit https://xceed.com/products/unit-testing/fluent-assertions/
dotnet : [xUnit.net 00:00:00.31]     Mrp.Tests.MrpCalc
ulationServiceTests.Calculate_TwoLevelBOM_ShouldExplod
eToChildItems [FAIL]
At line:1 char:1
+ dotnet test tests/Mrp.Tests --verbosity normal > tes
t_output.txt 2>&1
+ ~~~~~~~~~~~~~~~~~~~~~~~~~~~~~~~~~~~~~~~~~~~~~~~~~~~~
~~~~~~~~~~~~~~~~~
    + CategoryInfo          : NotSpecified: ([xUnit.n 
   et 00:0...ildItems [FAIL]:String) [], RemoteExcep  
  tion
    + FullyQualifiedErrorId : NativeCommandError
 
[xUnit.net 00:00:00.31]       Expected result.Suggestions to contain 2 item(s), but found 1: {
[xUnit.net 00:00:00.31]           Mrp.Core.Entities.Suggestion
[xUnit.net 00:00:00.31]           {
[xUnit.net 00:00:00.31]               Action = ActionType.Make {value: 0},
[xUnit.net 00:00:00.31]               EndDate = <2026-01-09>,
[xUnit.net 00:00:00.31]               Id = 0,
[xUnit.net 00:00:00.31]               ItemCode = "MAMUL-001",
[xUnit.net 00:00:00.31]               PeggingInfo = "SIP-001",
[xUnit.net 00:00:00.31]               Quantity = 10M,
[xUnit.net 00:00:00.31]               StartDate = <2026-01-02>
[xUnit.net 00:00:00.31]           }
[xUnit.net 00:00:00.31]       }.
[xUnit.net 00:00:00.31]       Stack Trace:
[xUnit.net 00:00:00.31]            at FluentAssertions.Execution.LateBoundTestFramework.Throw(String message)
[xUnit.net 00:00:00.31]            at FluentAssertions.Execution.DefaultAssertionStrategy.HandleFailure(String message)
[xUnit.net 00:00:00.31]            at FluentAssertions.Execution.AssertionScope.AddPreFormattedFailure(String formattedFailureMessage)
[xUnit.net 00:00:00.31]            at FluentAssertions.Execution.AssertionChain.FailWith(Func`1 getFailureReason)
[xUnit.net 00:00:00.31]            at FluentAssertions.Execution.AssertionChain.FailWith(Func`1 getFailureReason)
[xUnit.net 00:00:00.31]            at FluentAssertions.Execution.AssertionChain.FailWith(String message, Object[] args)
[xUnit.net 00:00:00.31]            at FluentAssertions.Collections.GenericCollectionAssertions`3.HaveCount(Int32 expected, String because, Object[] becauseArgs)
[xUnit.net 00:00:00.31]         C:\Users\m.vezir\.gemini\antigravity\scratch\FactoryMrpPlanner\tests\Mrp.Tests\MrpCalculationServiceTests.cs(229,0): at Mrp.Tests.MrpCalculationServiceTests.Calculate_TwoLevelBOM_ShouldExplodeToChildItems()
[xUnit.net 00:00:00.31]            at System.RuntimeMethodHandle.InvokeMethod(Object target, Void** arguments, Signature sig, Boolean isConstructor)
[xUnit.net 00:00:00.31]            at System.Reflection.MethodBaseInvoker.InvokeWithNoArgs(Object obj, BindingFlags invokeAttr)
[xUnit.net 00:00:00.31]     Mrp.Tests.MrpCalculationSe
rviceTests.Calculate_ThreeLevelBOM_ShouldCascadeCorrec
tly [FAIL]
[xUnit.net 00:00:00.31]       Expected result.Suggestions to contain 3 item(s), but found 1: {
[xUnit.net 00:00:00.31]           Mrp.Core.Entities.Suggestion
[xUnit.net 00:00:00.31]           {
[xUnit.net 00:00:00.31]               Action = ActionType.Make {value: 0},
[xUnit.net 00:00:00.31]               EndDate = <2026-01-18>,
[xUnit.net 00:00:00.31]               Id = 0,
[xUnit.net 00:00:00.31]               ItemCode = "MAMUL-001",
[xUnit.net 00:00:00.31]               PeggingInfo = "├£retim ihtiyac─▒",
[xUnit.net 00:00:00.31]               Quantity = 10M,
[xUnit.net 00:00:00.31]               StartDate = <2026-01-13>
[xUnit.net 00:00:00.31]           }
[xUnit.net 00:00:00.31]       }.
[xUnit.net 00:00:00.31]       Stack Trace:
[xUnit.net 00:00:00.31]            at FluentAssertions.Execution.LateBoundTestFramework.Throw(String message)
[xUnit.net 00:00:00.31]            at FluentAssertions.Execution.DefaultAssertionStrategy.HandleFailure(String message)
[xUnit.net 00:00:00.31]            at FluentAssertions.Execution.AssertionScope.AddPreFormattedFailure(String formattedFailureMessage)
[xUnit.net 00:00:00.31]            at FluentAssertions.Execution.AssertionChain.FailWith(Func`1 getFailureReason)
[xUnit.net 00:00:00.31]            at FluentAssertions.Execution.AssertionChain.FailWith(Func`1 getFailureReason)
[xUnit.net 00:00:00.31]            at FluentAssertions.Execution.AssertionChain.FailWith(String message, Object[] args)
[xUnit.net 00:00:00.31]            at FluentAssertions.Collections.GenericCollectionAssertions`3.HaveCount(Int32 expected, String because, Object[] becauseArgs)
[xUnit.net 00:00:00.31]         C:\Users\m.vezir\.gemini\antigravity\scratch\FactoryMrpPlanner\tests\Mrp.Tests\MrpCalculationServiceTests.cs(336,0): at Mrp.Tests.MrpCalculationServiceTests.Calculate_ThreeLevelBOM_ShouldCascadeCorrectly()
[xUnit.net 00:00:00.31]            at System.RuntimeMethodHandle.InvokeMethod(Object target, Void** arguments, Signature sig, Boolean isConstructor)
[xUnit.net 00:00:00.31]            at System.Reflection.MethodBaseInvoker.InvokeWithNoArgs(Object obj, BindingFlags invokeAttr)
[xUnit.net 00:00:00.32]     Mrp.Tests.MrpCalculationSe
rviceTests.Calculate_ScrapRate_ShouldIncreaseRequiredQ
uantity [FAIL]
[xUnit.net 00:00:00.32]       Expected hammaddeSuggestion not to be <null>.
[xUnit.net 00:00:00.32]       Stack Trace:
[xUnit.net 00:00:00.32]            at FluentAssertions.Execution.LateBoundTestFramework.Throw(String message)
[xUnit.net 00:00:00.32]            at FluentAssertions.Execution.DefaultAssertionStrategy.HandleFailure(String message)
[xUnit.net 00:00:00.32]            at FluentAssertions.Execution.AssertionScope.AddPreFormattedFailure(String formattedFailureMessage)
[xUnit.net 00:00:00.32]            at FluentAssertions.Execution.AssertionChain.FailWith(Func`1 getFailureReason)
[xUnit.net 00:00:00.32]            at FluentAssertions.Execution.AssertionChain.FailWith(Func`1 getFailureReason)
[xUnit.net 00:00:00.32]            at FluentAssertions.Execution.AssertionChain.FailWith(String message)
[xUnit.net 00:00:00.32]            at FluentAssertions.Primitives.ReferenceTypeAssertions`2.NotBeNull(String because, Object[] becauseArgs)
[xUnit.net 00:00:00.32]         C:\Users\m.vezir\.gemini\antigravity\scratch\FactoryMrpPlanner\tests\Mrp.Tests\MrpCalculationServiceTests.cs(280,0): at Mrp.Tests.MrpCalculationServiceTests.Calculate_ScrapRate_ShouldIncreaseRequiredQuantity()
[xUnit.net 00:00:00.32]            at System.RuntimeMethodHandle.InvokeMethod(Object target, Void** arguments, Signature sig, Boolean isConstructor)
[xUnit.net 00:00:00.32]            at System.Reflection.MethodBaseInvoker.InvokeWithNoArgs(Object obj, BindingFlags invokeAttr)
  Ba┼şar─▒l─▒ Mrp.Tests.MrpCalculationServiceTests.Calculate_RawMaterial_ShouldCreateBuySuggestion [28 ms]
  Ba┼şar─▒l─▒ Mrp.Tests.MrpCalculationServiceTests.Calculate_SingleItem_WithSufficientStock_ShouldNotCreateSuggestion [3 ms]
  Ba┼şar─▒l─▒ Mrp.Tests.MrpCalculationServiceTests.Calculate_LateDemand_ShouldCreateException [3 ms]
  Ba┼şar─▒l─▒ Mrp.Tests.MrpCalculationServiceTests.Calculate_BackwardScheduling_ShouldSetCorrectStartDate [1 ms]
  Ba┼şar─▒s─▒z Mrp.Tests.MrpCalculationServiceTests.Calculate_TwoLevelBOM_ShouldExplodeToChildItems [68 ms]
  Hata ─░letisi:
   Expected result.Suggestions to contain 2 item(s), but found 1: {
    Mrp.Core.Entities.Suggestion
    {
        Action = ActionType.Make {value: 0},
        EndDate = <2026-01-09>,
        Id = 0,
        ItemCode = "MAMUL-001",
        PeggingInfo = "SIP-001",
        Quantity = 10M,
        StartDate = <2026-01-02>
    }
}.
  Y─▒─ş─▒n ─░zleme:
     at FluentAssertions.Execution.LateBoundTestFramework.Throw(String message)
   at FluentAssertions.Execution.DefaultAssertionStrategy.HandleFailure(String message)
   at FluentAssertions.Execution.AssertionScope.AddPreFormattedFailure(String formattedFailureMessage)
   at FluentAssertions.Execution.AssertionChain.FailWith(Func`1 getFailureReason)
   at FluentAssertions.Execution.AssertionChain.FailWith(Func`1 getFailureReason)
   at FluentAssertions.Execution.AssertionChain.FailWith(String message, Object[] args)
   at FluentAssertions.Collections.GenericCollectionAssertions`3.HaveCount(Int32 expected, String because, Object[] becauseArgs)
   at Mrp.Tests.MrpCalculationServiceTests.Calculate_TwoLevelBOM_ShouldExplodeToChildItems() in C:\Users\m.vezir\.gemini\antigravity\scratch\FactoryMrpPlanner\tests\Mrp.Tests\MrpCalculationServiceTests.cs:line 229
   at System.RuntimeMethodHandle.InvokeMethod(Object target, Void** arguments, Signature sig, Boolean isConstructor)
   at System.Reflection.MethodBaseInvoker.InvokeWithNoArgs(Object obj, BindingFlags invokeAttr)
  Ba┼şar─▒s─▒z Mrp.Tests.MrpCalculationServiceTests.Calculate_ThreeLevelBOM_ShouldCascadeCorrectly [7 ms]
  Hata ─░letisi:
   Expected result.Suggestions to contain 3 item(s), but found 1: {
    Mrp.Core.Entities.Suggestion
    {
        Action = ActionType.Make {value: 0},
        EndDate = <2026-01-18>,
        Id = 0,
        ItemCode = "MAMUL-001",
        PeggingInfo = "├£retim ihtiyac─▒",
        Quantity = 10M,
        StartDate = <2026-01-13>
    }
}.
  Y─▒─ş─▒n ─░zleme:
     at FluentAssertions.Execution.LateBoundTestFramework.Throw(String message)
   at FluentAssertions.Execution.DefaultAssertionStrategy.HandleFailure(String message)
   at FluentAssertions.Execution.AssertionScope.AddPreFormattedFailure(String formattedFailureMessage)
   at FluentAssertions.Execution.AssertionChain.FailWith(Func`1 getFailureReason)
   at FluentAssertions.Execution.AssertionChain.FailWith(Func`1 getFailureReason)
   at FluentAssertions.Execution.AssertionChain.FailWith(String message, Object[] args)
   at FluentAssertions.Collections.GenericCollectionAssertions`3.HaveCount(Int32 expected, String because, Object[] becauseArgs)
   at Mrp.Tests.MrpCalculationServiceTests.Calculate_ThreeLevelBOM_ShouldCascadeCorrectly() in C:\Users\m.vezir\.gemini\antigravity\scratch\FactoryMrpPlanner\tests\Mrp.Tests\MrpCalculationServiceTests.cs:line 336
   at System.RuntimeMethodHandle.InvokeMethod(Object target, Void** arguments, Signature sig, Boolean isConstructor)
   at System.Reflection.MethodBaseInvoker.InvokeWithNoArgs(Object obj, BindingFlags invokeAttr)
  Ba┼şar─▒l─▒ Mrp.Tests.MrpCalculationServiceTests.Calculate_SingleItem_WithInsufficientStock_ShouldCreateSuggestion [2 ms]
  Ba┼şar─▒s─▒z Mrp.Tests.MrpCalculationServiceTests.Calculate_ScrapRate_ShouldIncreaseRequiredQuantity [3 ms]
  Hata ─░letisi:
   Expected hammaddeSuggestion not to be <null>.
  Y─▒─ş─▒n ─░zleme:
     at FluentAssertions.Execution.LateBoundTestFramework.Throw(String message)
   at FluentAssertions.Execution.DefaultAssertionStrategy.HandleFailure(String message)
   at FluentAssertions.Execution.AssertionScope.AddPreFormattedFailure(String formattedFailureMessage)
   at FluentAssertions.Execution.AssertionChain.FailWith(Func`1 getFailureReason)
   at FluentAssertions.Execution.AssertionChain.FailWith(Func`1 getFailureReason)
   at FluentAssertions.Execution.AssertionChain.FailWith(String message)
   at FluentAssertions.Primitives.ReferenceTypeAssertions`2.NotBeNull(String because, Object[] becauseArgs)
   at Mrp.Tests.MrpCalculationServiceTests.Calculate_ScrapRate_ShouldIncreaseRequiredQuantity() in C:\Users\m.vezir\.gemini\antigravity\scratch\FactoryMrpPlanner\tests\Mrp.Tests\MrpCalculationServiceTests.cs:line 280
   at System.RuntimeMethodHandle.InvokeMethod(Object target, Void** arguments, Signature sig, Boolean isConstructor)
   at System.Reflection.MethodBaseInvoker.InvokeWithNoArgs(Object obj, BindingFlags invokeAttr)
  Ba┼şar─▒l─▒ Mrp.Tests.MrpCalculationServiceTests.Calculate_SafetyStock_ShouldBeConsidered [1 ms]
[xUnit.net 00:00:00.36]   Finished:    Mrp.Tests
  Ba┼şar─▒l─▒ Mrp.Tests.MrpCalculationServiceTests.Calculate_LotSizing_ShouldRoundUpToMinOrderQty [< 1 ms]

Test ├çal─▒┼şt─▒rmas─▒ Ba┼şar─▒s─▒z.
Toplam test say─▒s─▒: 10
     Ge├ğti: 7
     Ba┼şar─▒s─▒z: 3
 Toplam s├╝re: 1,0012 Saniye
       _VSTestConsole:
         MSB4181: "VSTestTask" g├Ârevi false de─şerini d├Ând├╝rd├╝ ancak g├╝nl├╝─şe hata kaydetmedi.
     1>"C:\Users\m.vezir\.gemini\antigravity\scratch\FactoryMrpPlanner\tests\Mrp.Tests\Mrp.Tests.csproj" Projesini Olu┼şturma ─░┼şlemi Tamamland─▒ (VSTest hedef) -- BA┼ŞARISIZ OLDU.

Olu┼şturma BA┼ŞARISIZ OLDU.
    0 Uyar─▒
    0 Hata

Ge├ğen S├╝re 00:00:05.03
